0000000000000000 0000000000000004 b g_fsPriority
0000000000000000 a __start__
0000000000000000 T _start
0000000000000000 b _TLS_MODULE_BASE_
0000000000000004 0000000000000004 b fsdev_last_result
0000000000000008 0000000000000401 B __nx_dev_path_buf
00000000000000e0 T __nx_exit
00000000000000f0 T __nx_mod0
0000000000000140 0000000000000034 T exit
0000000000000180 00000000000009b8 T main
0000000000000b40 t __do_global_dtors_aux
0000000000000ba0 t frame_dummy
0000000000000bd0 0000000000000050 T launcher_header
0000000000000c20 0000000000000188 T launcher_bar
0000000000000db0 0000000000000074 T launcher_bar_off
0000000000000e30 000000000000000c T launcher_bar_on
0000000000000e40 0000000000000008 t exefs_wr64
0000000000000e50 000000000000004c t exefs_count
0000000000000ea0 0000000000000058 t wait_exit
0000000000000f00 00000000000000d0 t read_file.constprop.0
0000000000000fd0 00000000000000b4 t fwd_norm_path.constprop.0
0000000000001090 0000000000000124 t fwd_is_mine
00000000000011c0 000000000000010c t exefs_file
00000000000012d0 00000000000000a0 t exefs_find
0000000000001370 0000000000000008 W port_launcher_prepare
0000000000001380 0000000000000010 W port_launcher_check
0000000000001390 0000000000000004 W port_launcher_apk_note
00000000000013a0 000000000000000c W port_launcher_apk_help
00000000000013b0 000000000000000c W port_launcher_instructions
00000000000013c0 0000000000000014 W port_apk_roles
00000000000013e0 0000000000000034 T rt_migrate_port
0000000000001420 00000000000000a0 t want_cb
00000000000014c0 00000000000000b0 t want_index
0000000000001570 00000000000000bc t say
0000000000001630 00000000000000e0 t addf.constprop.0
0000000000001710 000000000000009c t renamed
00000000000017b0 0000000000000284 T rt_zip_walk
0000000000001a40 0000000000000094 T rt_zip_walk_path
0000000000001ae0 0000000000001080 T rt_apk_find
0000000000002b60 0000000000000018 t _appletInfiniteSleepLoop
0000000000002b80 0000000000000108 t _appletCmdGetSession
0000000000002c90 00000000000000cc t _appletCmdInU8NoOut
0000000000002d60 00000000000000d0 t _appletCmdInSession
0000000000002e30 00000000000000cc t _appletCmdInU32NoOut
0000000000002f00 0000000000000114 t _appletCmdGetSessionInU64
0000000000003020 000000000000012c t _appletGetSessionProxy.constprop.0
0000000000003150 0000000000000148 t _appletOpenLibraryAppletProxy.constprop.0
00000000000032a0 00000000000000f8 t _appletCmdGetEvent
00000000000033a0 0000000000000284 t _appletStorageRW.part.0
0000000000003630 00000000000000d4 t _appletCmdNoInOutU8.isra.0
0000000000003710 00000000000000d4 t _appletCmdNoInOutU32.isra.0
00000000000037f0 00000000000000d4 t _appletCmdNoInOutU64.isra.0
00000000000038d0 00000000000000c0 t _appletCmdNoIO.isra.0
0000000000003990 0000000000000010 T appletGetAppletType
00000000000039a0 00000000000001b8 T appletSetFocusHandlingMode
0000000000003b60 000000000000005c T appletSetCpuBoostMode
0000000000003bc0 000000000000002c T appletCreateManagedDisplayLayer
0000000000003bf0 000000000000000c T appletGetAppletResourceUserId
0000000000003c00 0000000000000138 t _appletHolderCreateState
0000000000003d40 00000000000000b0 T appletHolderClose
0000000000003df0 0000000000000024 T appletHolderGetLibraryAppletInfo
0000000000003e20 0000000000000028 T appletCreateStorage
0000000000003e50 0000000000000090 T appletStorageClose
0000000000003ee0 0000000000000018 T appletStorageWrite
0000000000003f00 00000000000002b0 t _appletExecuteProgram
00000000000041b0 0000000000000090 T appletNotifyRunning
0000000000004240 0000000000000078 T appletSetGamePlayRecordingState
00000000000042c0 0000000000000ad4 t _appletCleanup
0000000000004da0 0000000000000048 T appletExit
0000000000004df0 0000000000000014 T appletRestartProgram
0000000000004e10 0000000000000040 T appletGetLibraryAppletInfo
0000000000004e50 0000000000000c14 T appletInitialize
0000000000005a70 0000000000000024 t _appletExitProcess
0000000000005aa0 0000000000000074 T appletGetMessage
0000000000005b20 0000000000000264 T appletProcessMessage
0000000000005d90 0000000000000034 T appletMainLoop
0000000000005dd0 00000000000000cc t _smCmifCmdInPid
0000000000005ea0 0000000000000078 t _smCleanup
0000000000005f20 0000000000000048 T smAddOverrideHandle
0000000000005f70 0000000000000054 T smGetServiceOverride
0000000000005fd0 00000000000001ac T smInitialize
0000000000006180 0000000000000048 T smExit
00000000000061d0 00000000000000d0 T smGetServiceOriginal
00000000000062a0 0000000000000120 T smGetServiceWrapper
00000000000063c0 000000000000001c W diagAbortWithResult
00000000000063e0 0000000000000208 T envSetup
00000000000065f0 0000000000000020 T envGetMainThreadHandle
0000000000006610 000000000000000c T envIsNso
0000000000006620 0000000000000014 T envHasHeapOverride
0000000000006640 000000000000000c T envGetHeapOverrideAddr
0000000000006650 000000000000000c T envGetHeapOverrideSize
0000000000006660 0000000000000014 T envHasArgv
0000000000006680 000000000000000c T envGetArgv
0000000000006690 000000000000000c T envGetExitFuncPtr
00000000000066a0 000000000000000c T envSetExitFuncPtr
00000000000066b0 000000000000000c T envHasRandomSeed
00000000000066c0 0000000000000010 T envGetRandomSeed
00000000000066d0 0000000000000014 T hosversionGet
00000000000066f0 0000000000000010 T hosversionSet
0000000000006700 000000000000009c T padConfigureInput
00000000000067a0 0000000000000024 T padInitializeWithMask
00000000000067d0 000000000000029c T padUpdate
0000000000006a70 0000000000000050 t consoleDrawChar
0000000000006ac0 00000000000000b8 t consoleNewRow
0000000000006b80 0000000000000194 t consolePrintChar.part.0
0000000000006d20 0000000000000df8 t con_write
0000000000007b20 0000000000000160 T consoleInit
0000000000007c80 0000000000000044 T consoleExit
0000000000007cd0 000000000000002c T consoleUpdate
0000000000007d00 00000000000001bc t ConsoleSwRenderer_drawChar
0000000000007ec0 00000000000000e8 t ConsoleSwRenderer_init
0000000000007fb0 0000000000000078 t ConsoleSwRenderer_flushAndSwap
0000000000008030 00000000000000dc t ConsoleSwRenderer_scrollWindow
0000000000008110 0000000000000050 t ConsoleSwRenderer_deinit
0000000000008160 000000000000000c W getDefaultConsoleRenderer
0000000000008170 0000000000000008 t romfs_close
0000000000008180 0000000000000088 t romfs_seek
0000000000008210 000000000000001c t romfs_dirreset
0000000000008230 0000000000000100 t fillDir
0000000000008330 00000000000002b0 t romfs_dirnext
00000000000085e0 0000000000000150 t searchForDir
0000000000008730 0000000000000150 t searchForFile
0000000000008880 0000000000000150 t _romfs_read_safe
00000000000089d0 00000000000000b8 t _romfs_read
0000000000008a90 0000000000000080 t romfs_read
0000000000008b10 00000000000000b4 t romfs_free
0000000000008bd0 00000000000001f4 t navigateToDir.constprop.0
0000000000008dd0 0000000000000108 t romfs_open
0000000000008ee0 00000000000001a0 t romfs_stat
0000000000009080 0000000000000054 t romfs_chdir
00000000000090e0 0000000000000084 t romfs_diropen
0000000000009170 0000000000000008 t romfs_dirclose
0000000000009180 0000000000000188 t romfsFindMount
0000000000009310 0000000000000070 t romfs_fstat
0000000000009380 00000000000001b0 t romfsMountCommon
0000000000009530 0000000000000068 T romfsMountFromFile
00000000000095a0 000000000000006c T romfsMountFromStorage
0000000000009610 0000000000000038 T romfsMountFromCurrentProcess
0000000000009650 0000000000000188 T romfsMountSelf
00000000000097e0 00000000000000a8 T romfsUnmount
0000000000009888 T svcSetHeapSize
000000000000989c T svcSetMemoryPermission
00000000000098a4 T svcSetMemoryAttribute
00000000000098ac T svcUnmapMemory
00000000000098b4 T svcQueryMemory
00000000000098c8 T svcExitProcess
00000000000098d0 T svcSleepThread
00000000000098d8 T svcMapSharedMemory
00000000000098e0 T svcUnmapSharedMemory
00000000000098e8 T svcCreateTransferMemory
00000000000098fc T svcCloseHandle
0000000000009904 T svcResetSignal
000000000000990c T svcWaitSynchronization
0000000000009920 T svcArbitrateLock
0000000000009928 T svcArbitrateUnlock
0000000000009930 T svcWaitProcessWideKeyAtomic
0000000000009938 T svcSignalProcessWideKey
0000000000009940 T svcConnectToNamedPort
0000000000009954 T svcSendSyncRequest
000000000000995c T svcBreak
0000000000009964 T svcReturnFromException
000000000000996c T svcGetInfo
0000000000009980 T svcUnmapTransferMemory
0000000000009988 T __aarch64_read_tp
00000000000099a0 000000000000000c T eventLoadRemote
00000000000099b0 0000000000000034 T eventWait
00000000000099f0 0000000000000054 T eventClose
0000000000009a50 00000000000000c8 T mutexLock
0000000000009b20 0000000000000068 T mutexUnlock
0000000000009b90 000000000000001c T mutexIsLockedByCurrentThread
0000000000009bb0 0000000000000050 T rmutexLock
0000000000009c00 0000000000000018 T rmutexUnlock
0000000000009c20 00000000000000a8 T tmemCreate
0000000000009cd0 0000000000000034 T tmemUnmap
0000000000009d10 0000000000000030 T tmemCloseHandle
0000000000009d40 000000000000009c T tmemWaitForPermission
0000000000009de0 0000000000000050 T tmemClose
0000000000009e30 0000000000000064 t _memregionInitWithInfo
0000000000009ea0 0000000000000004 W __libnx_virtmem_rng
0000000000009eb0 0000000000000164 t _memregionFindRandom
000000000000a020 0000000000000140 T virtmemSetup
000000000000a160 000000000000000c T virtmemLock
000000000000a170 000000000000000c T virtmemUnlock
000000000000a180 0000000000000050 T virtmemFindAslr
000000000000a1d0 000000000000057c T waitObjects
000000000000a750 00000000000000d4 t _apmCleanup
000000000000a830 0000000000000194 T apmInitialize
000000000000a9d0 0000000000000048 T apmExit
000000000000aa20 00000000000000c8 T apmSetPerformanceConfiguration
000000000000aaf0 00000000000000b4 t _fsCleanup
000000000000abb0 00000000000001c0 t _fsCmdNoIO
000000000000ad70 00000000000001e0 t _fsFsCmdWithInPath
000000000000af50 00000000000001f8 t _fsFsCmdWithTwoInPaths
000000000000b150 000000000000028c t _fsFsOpenCommon
000000000000b3e0 00000000000001fc t _fsFsCmdWithInPathAndOutU64
000000000000b5e0 00000000000000f8 t _fsObjectClose
000000000000b6e0 000000000000017c t _fsCmdGetSession.constprop.0
000000000000b860 00000000000002f8 T fsInitialize
000000000000bb60 0000000000000048 T fsExit
000000000000bbb0 0000000000000008 T fsOpenSdCardFileSystem
000000000000bbc0 0000000000000008 T fsOpenDataStorageByCurrentProcess
000000000000bbd0 00000000000001ec T fsFsCreateFile
000000000000bdc0 0000000000000008 T fsFsDeleteFile
000000000000bdd0 0000000000000008 T fsFsCreateDirectory
000000000000bde0 0000000000000008 T fsFsDeleteDirectory
000000000000bdf0 0000000000000008 T fsFsRenameFile
000000000000be00 0000000000000008 T fsFsRenameDirectory
000000000000be10 00000000000001f0 T fsFsGetEntryType
000000000000c000 0000000000000008 T fsFsOpenFile
000000000000c010 0000000000000008 T fsFsOpenDirectory
000000000000c020 0000000000000008 T fsFsGetFreeSpace
000000000000c030 0000000000000008 T fsFsGetTotalSpace
000000000000c040 0000000000000230 T fsFsGetFileTimeStampRaw
000000000000c270 0000000000000004 T fsFsClose
000000000000c280 0000000000000214 T fsFileRead
000000000000c4a0 00000000000001f8 T fsFileWrite
000000000000c6a0 0000000000000008 T fsFileFlush
000000000000c6b0 00000000000001c0 T fsFileSetSize
000000000000c6b0 00000000000001c0 t fsFileSetSize.localalias
000000000000c870 00000000000001d4 T fsFileGetSize
000000000000c870 00000000000001d4 t fsFileGetSize.localalias
000000000000ca50 0000000000000004 T fsFileClose
000000000000ca60 0000000000000004 T fsDirClose
000000000000ca70 0000000000000204 T fsDirRead
000000000000cc80 00000000000001e8 T fsStorageRead
000000000000ce70 0000000000000004 T fsStorageClose
000000000000ce80 000000000000012c t _hidCleanup
000000000000cfb0 00000000000000d4 t _hidCmdInAruidNoOut
000000000000d090 00000000000000e0 t _hidCmdInU32AruidNoOut
000000000000d170 0000000000000194 t _hidGetStates
000000000000d310 000000000000026c T hidInitialize
000000000000d580 0000000000000048 T hidExit
000000000000d5d0 000000000000000c T hidGetSharedmemAddr
000000000000d5e0 0000000000000090 T hidGetNpadStyleSet
000000000000d670 0000000000000084 T hidInitializeNpad
000000000000d700 00000000000000a4 T hidGetNpadStatesFullKey
000000000000d7b0 00000000000000a4 T hidGetNpadStatesHandheld
000000000000d860 00000000000000a4 T hidGetNpadStatesJoyDual
000000000000d910 00000000000000a4 T hidGetNpadStatesJoyLeft
000000000000d9c0 00000000000000a4 T hidGetNpadStatesJoyRight
000000000000da70 0000000000000144 T hidGetNpadStatesGc
000000000000dbc0 00000000000000a8 T hidGetNpadStatesSystemExt
000000000000dc70 0000000000000008 T hidSetSupportedNpadStyleSet
000000000000dc80 0000000000000100 T hidSetSupportedNpadIdType
000000000000dd80 000000000000000c T nwindowGetDefault
000000000000dd90 00000000000000a4 T __nx_win_init
000000000000de40 0000000000000034 T __nx_win_exit
000000000000de80 000000000000008c T framebufferMakeLinear
000000000000df10 0000000000000084 T framebufferClose
000000000000dfa0 0000000000000290 T framebufferCreate
000000000000e230 000000000000007c T framebufferBegin
000000000000e2b0 0000000000000198 T framebufferEnd
000000000000e450 0000000000000024 T nwindowIsValid
000000000000e480 000000000000007c T nwindowClose
000000000000e500 00000000000000f8 T nwindowCreate
000000000000e600 0000000000000038 T nwindowCreateFromLayer
000000000000e640 0000000000000084 T nwindowSetDimensions
000000000000e6d0 0000000000000180 T nwindowConfigureBuffer
000000000000e850 00000000000001cc T nwindowDequeueBuffer
000000000000ea20 000000000000012c T nwindowQueueBuffer
000000000000eb50 00000000000000bc T nwindowReleaseBuffers
000000000000ec10 0000000000000004 W __libnx_alloc
000000000000ec20 0000000000000014 W __libnx_aligned_alloc
000000000000ec40 0000000000000004 W __libnx_free
000000000000ec50 0000000000000314 W argvSetup
000000000000ef70 00000000000001fc T __nx_dynamic
000000000000f170 00000000000000d0 W __libnx_initheap
000000000000f240 00000000000000ec W __appInit
000000000000f330 0000000000000044 W __appExit
000000000000f380 000000000000002c W __libnx_init
000000000000f3b0 000000000000001c W __libnx_exit
000000000000f3d0 000000000000001c T __syscall_exit
000000000000f3f0 0000000000000034 T __syscall_getreent
000000000000f430 0000000000000004 T __syscall_lock_acquire
000000000000f440 0000000000000004 T __syscall_lock_release
000000000000f450 0000000000000004 T __syscall_lock_acquire_recursive
000000000000f460 0000000000000004 T __syscall_lock_release_recursive
000000000000f470 000000000000025c T __libnx_init_time
000000000000f6d0 0000000000000088 T __syscall_gettod_r
000000000000f760 0000000000000098 T newlibSetup
000000000000f800 00000000000000e8 T nxlinkSetup
000000000000f8f0 0000000000000010 t fsdev_link
000000000000f900 0000000000000010 t fsdev_dirreset
000000000000f910 0000000000000010 t fsdev_chmod
000000000000f920 0000000000000018 t error_cmp
000000000000f940 0000000000000020 t fsdev_dirclose
000000000000f960 000000000000001c t fsdev_close
000000000000f980 0000000000000074 t fsdev_converttimetoutc
000000000000fa00 00000000000000f8 t fsdevFindDevice.part.0
000000000000fb00 00000000000001cc t fsdev_fixpath
000000000000fcd0 000000000000009c t _fsdevUnmountDeviceStruct.part.0
000000000000fd70 0000000000000010 t fsdev_fchmod
000000000000fd80 0000000000000100 t fsdev_diropen
000000000000fe80 00000000000000f8 t fsdev_statvfs
000000000000ff80 000000000000007c t fsdev_fsync
0000000000010000 00000000000000ec t fsdev_fstat
00000000000100f0 0000000000000094 t fsdev_ftruncate
0000000000010190 00000000000001d8 t fsdev_stat
0000000000010370 000000000000014c t fsdev_rename
00000000000104c0 000000000000013c t fsdev_chdir
0000000000010600 00000000000000a4 t fsdev_rmdir
00000000000106b0 00000000000000a4 t fsdev_mkdir
0000000000010760 00000000000000a4 t fsdev_unlink
0000000000010810 000000000000013c t fsdev_write_safe
0000000000010950 0000000000000134 t fsdev_read_safe
0000000000010a90 0000000000000100 t fsdev_read
0000000000010b90 00000000000001d4 t fsdev_dirnext
0000000000010d70 0000000000000124 t fsdev_write
0000000000010ea0 0000000000000110 t fsdev_seek
0000000000010fb0 0000000000000230 t fsdev_open
00000000000111e0 0000000000000324 T fsdevMountDevice
0000000000011510 0000000000000040 T fsdevMountSdmc
0000000000011550 00000000000000bc T __libnx_init_cwd
0000000000011610 0000000000000064 T fsdevUnmountAll
0000000000011680 0000000000000084 T fsdevTranslatePath
0000000000011710 0000000000000128 T decode_utf8
0000000000011838 T armDCacheFlush
0000000000011868 t armDCacheFlush_L0
0000000000011884 W __libnx_exception_entry
0000000000011910 t __libnx_exception_entry_start
0000000000011a38 t __libnx_exception_entry_abort
0000000000011a3c t __libnx_exception_entry_end
0000000000011a44 T __libnx_exception_returnentry
0000000000011a60 0000000000000070 T condvarWaitTimeout
0000000000011ad0 0000000000000410 T randomGet
0000000000011ee0 0000000000000020 T randomGet64
0000000000011f00 0000000000000014 T shmemLoadRemote
0000000000011f20 0000000000000070 T shmemMap
0000000000011f90 0000000000000034 T shmemUnmap
0000000000011fd0 000000000000004c T shmemClose
0000000000012020 00000000000000b0 T __libnx_init_thread
00000000000120d0 0000000000000184 T sessionmgrCreate
0000000000012260 0000000000000084 T sessionmgrClose
00000000000122f0 00000000000000a8 T sessionmgrAttachClient
00000000000123a0 0000000000000060 T sessionmgrDetachClient
0000000000012400 00000000000000d0 t _nvCleanup
00000000000124d0 00000000000000d4 t _nvCmdInitialize.constprop.0
00000000000125b0 0000000000000018 W __nx_nv_create_tmem
00000000000125d0 00000000000003a8 T nvInitialize
0000000000012980 0000000000000048 T nvExit
00000000000129d0 00000000000000f4 T nvConvertError
0000000000012ad0 0000000000000114 T nvOpen
0000000000012bf0 0000000000000310 T nvIoctl
0000000000012f00 00000000000000d4 T nvClose
0000000000012fe0 000000000000010c T nvQueryEvent
00000000000130f0 00000000000000d0 t _setsysGetFirmwareVersionImpl
00000000000131c0 0000000000000078 t _setsysCleanup
0000000000013240 00000000000000a0 T setsysInitialize
00000000000132e0 0000000000000048 T setsysExit
0000000000013330 0000000000000048 T setsysGetFirmwareVersion
0000000000013380 000000000000027c t _timeCleanup
0000000000013600 0000000000000100 t _timeCmdGetSession.constprop.0
0000000000013700 0000000000000104 t _timeReadClockFromSharedMem
0000000000013810 0000000000000300 T timeInitialize
0000000000013b10 0000000000000048 T timeExit
0000000000013b60 0000000000000038 T timeGetServiceSession_SystemClock
0000000000013ba0 00000000000000fc T timeGetCurrentTime
0000000000013ca0 0000000000000108 T timeToCalendarTimeWithMyRule
0000000000013db0 0000000000000114 T timeToPosixTimeWithMyRule
0000000000013ed0 0000000000000230 t _viCleanup
0000000000014100 0000000000000100 t _viCmdGetSessionNoParams.constprop.0
0000000000014200 0000000000000368 T viInitialize
0000000000014570 0000000000000048 T viExit
00000000000145c0 000000000000000c T viGetSession_IHOSBinderDriverRelay
00000000000145d0 000000000000010c T viOpenDisplay
00000000000146e0 00000000000000ec T viCloseDisplay
00000000000147d0 00000000000000f4 T viCloseLayer
00000000000148d0 0000000000000394 T viCreateLayer
0000000000014c70 00000000000000d8 T viSetLayerScalingMode
0000000000014d50 0000000000000074 t _nvFenceCleanup
0000000000014dd0 0000000000000098 T nvFenceInit
0000000000014e70 0000000000000048 T nvFenceExit
0000000000014ec0 0000000000000290 T nvFenceWait
0000000000015150 000000000000007c T nvMultiFenceWait
00000000000151d0 00000000000000ac T nvMapInit
0000000000015280 0000000000000074 T nvMapExit
0000000000015300 000000000000008c T nvMapClose
0000000000015390 0000000000000160 T nvMapCreate
00000000000154f0 0000000000000024 T nvioctlNvhostCtrl_EventSignal
0000000000015520 000000000000003c T nvioctlNvhostCtrl_EventWait
0000000000015560 0000000000000028 T nvioctlNvhostCtrl_EventWaitAsync
0000000000015590 0000000000000024 T nvioctlNvhostCtrl_EventRegister
00000000000155c0 0000000000000024 T nvioctlNvhostCtrl_EventUnregister
00000000000155f0 000000000000003c T nvioctlNvmap_Create
0000000000015630 0000000000000030 T nvioctlNvmap_Alloc
0000000000015660 0000000000000030 T nvioctlNvmap_Free
0000000000015690 000000000000003c T nvioctlNvmap_GetId
00000000000156d0 000000000000001c T binderCreate
00000000000156f0 000000000000035c T binderTransactParcel
0000000000015a50 00000000000000e8 T binderConvertErrorCode
0000000000015b40 0000000000000124 T binderAdjustRefcount
0000000000015c70 000000000000009c T binderInitSession
0000000000015d10 000000000000005c T binderClose
0000000000015d70 0000000000000154 T binderGetNativeHandle
0000000000015ed0 00000000000000c8 T bqRequestBuffer
0000000000015fa0 0000000000000128 T bqDequeueBuffer
00000000000160d0 00000000000000c8 T bqQueueBuffer
00000000000161a0 0000000000000084 T bqCancelBuffer
0000000000016230 00000000000000d0 T bqConnect
0000000000016300 0000000000000088 T bqDisconnect
0000000000016390 0000000000000194 T bqSetPreallocatedBuffer
0000000000016530 0000000000000030 T parcelCreate
0000000000016560 0000000000000174 T parcelTransact
00000000000166e0 0000000000000080 T parcelWriteData
0000000000016760 0000000000000088 T parcelReadData
00000000000167f0 0000000000000020 T parcelWriteInt32
0000000000016810 0000000000000020 T parcelWriteUInt32
0000000000016830 000000000000007c T parcelWriteString16
00000000000168b0 0000000000000030 T parcelWriteInterfaceToken
00000000000168e0 0000000000000024 T parcelReadInt32
0000000000016910 0000000000000068 T parcelReadFlattenedObject
0000000000016980 0000000000000044 T parcelWriteFlattenedObject
00000000000169e0 00000000000000c4 T strncat
0000000000016ac0 0000000000000004 T _ftell_r
0000000000016ae0 000000000000001c T ftell
0000000000016b00 0000000000000134 t critical_factorization
0000000000016c40 00000000000002f0 t two_way_long_needle
0000000000016f40 0000000000000258 T strstr
00000000000171c0 00000000000000cc T strchr
00000000000172a0 0000000000000330 T _fread_r
00000000000175e0 0000000000000034 T fread
0000000000017640 00000000000000b8 T strnlen
0000000000017700 00000000000000b4 T bsearch
00000000000177c0 000000000000022c T memcpy
00000000000177c0 T memmove
0000000000017a00 0000000000000120 T _fopen_r
0000000000017b20 000000000000002c T fopen
0000000000017b60 0000000000000028 T gmtime
0000000000017ba0 00000000000001a4 t _strtoull_l.isra.0
0000000000017d60 0000000000000040 T strtoull
0000000000017dc0 0000000000000104 T memset
0000000000017ee0 0000000000000074 T strcasecmp
0000000000017f60 00000000000000f8 T snprintf
0000000000018060 0000000000000080 T printf
00000000000180e0 00000000000001a4 t _strtoul_l.isra.0
00000000000182a0 0000000000000040 T strtoul
00000000000182e0 0000000000000058 T _remove_r
0000000000018340 000000000000001c T remove
0000000000018360 0000000000000084 T strncasecmp
0000000000018400 0000000000000104 T strrchr
0000000000018520 000000000000002c T calloc
0000000000018560 000000000000002c T aligned_alloc
00000000000185a0 000000000000018c T _memalign_r
0000000000018740 0000000000000014 T __errno
0000000000018760 00000000000000b0 T __swhatbuf_r
0000000000018820 00000000000000e8 T __smakebuf_r
0000000000018940 0000000000000130 T strlen
0000000000018a80 00000000000000bc T _calloc_r
0000000000018b40 00000000000001ec T __sflush_r
0000000000018d40 00000000000000bc T _fflush_r
0000000000018e00 000000000000003c T fflush
0000000000018e40 00000000000000a4 T _vsnprintf_r
0000000000018f00 0000000000000048 T vsnprintf
0000000000018f60 00000000000000f4 T _fwrite_r
0000000000019060 0000000000000034 T fwrite
00000000000190a0 000000000000002c T realloc
0000000000019100 00000000000001b4 T strncmp
00000000000192c0 0000000000000168 T _ftello_r
0000000000019440 000000000000001c T ftello
0000000000019460 0000000000000840 T _malloc_r
0000000000019cc0 00000000000001c8 T memcmp
0000000000019ea0 000000000000011c T _malloc_trim_r
0000000000019fc0 00000000000002d8 T _free_r
000000000001a2a0 0000000000000278 T setvbuf
000000000001a520 000000000000001c t stdio_exit_handler
000000000001a540 000000000000006c t cleanup_stdio
000000000001a5c0 0000000000000128 t global_stdio_init.part.0
000000000001a700 000000000000000c T __sfp_lock_acquire
000000000001a720 000000000000000c T __sfp_lock_release
000000000001a740 0000000000000130 T __sfp
000000000001a880 0000000000000054 T __sinit
000000000001a8e0 00000000000000a4 T __libc_init_array
000000000001a9a0 000000000000002c T rename
000000000001a9e0 00000000000000ac T strncpy
000000000001aaa0 0000000000000004 T _fseek_r
000000000001aac0 0000000000000034 T fseek
000000000001ab00 0000000000000038 T malloc
000000000001ab40 000000000000001c T free
000000000001ab60 00000000000000d4 T _puts_r
000000000001ac40 000000000000001c T puts
000000000001ac60 000000000000004c T __sread
000000000001acc0 0000000000000070 T __swrite
000000000001ad40 0000000000000050 T __sseek
000000000001ada0 0000000000000008 T __sclose
000000000001adc0 0000000000000568 T _realloc_r
000000000001b340 000000000000001c T strdup
000000000001b360 000000000000000c T __malloc_lock
000000000001b380 000000000000000c T __malloc_unlock
000000000001b3a0 00000000000004c0 T _fseeko_r
000000000001b860 0000000000000034 T fseeko
000000000001b8a0 0000000000000130 T _fclose_r
000000000001b9e0 000000000000001c T fclose
000000000001ba00 0000000000000048 T time
000000000001ba60 0000000000000020 T putchar
000000000001ba80 0000000000000034 T setenv
000000000001bac0 0000000000000004 W __call_exitprocs
000000000001bac4 0000000000000790 t get_arg
000000000001c254 0000000000003a84 T _svfprintf_r
000000000001fce0 00000000000000b8 T __sflags
000000000001fda0 000000000000002c T stat
000000000001fe00 0000000000000134 T strcmp
000000000001ff40 0000000000000044 T __libc_fini_array
000000000001ffa0 00000000000002a0 T gmtime_r
0000000000020240 00000000000000dc T memchr
0000000000020320 0000000000000038 t lflush
0000000000020360 0000000000000190 T __srefill_r
0000000000020500 000000000000007c T frexp
0000000000020580 0000000000000054 T _strdup_r
00000000000205e0 0000000000000258 T _setenv_r
0000000000020840 0000000000000098 T _fwalk_sglue
00000000000208d8 0000000000000790 t get_arg
0000000000021068 0000000000003bd4 T _vfprintf_r
0000000000024c3c 00000000000000cc t __sbprintf
0000000000024d20 00000000000000d0 T _wcrtomb_r
0000000000024e00 00000000000000c8 T __ssprint_r
0000000000024ee0 00000000000004a4 T __sfvwrite_r
00000000000253a0 000000000000002c T __locale_mb_cur_max
00000000000253e0 0000000000000038 T __sprint_r
0000000000025420 00000000000000e4 T _putc_r
0000000000025520 00000000000001a4 t quorem
00000000000256e0 00000000000012f0 T _dtoa_r
00000000000269e0 0000000000000118 T __swbuf_r
0000000000026b00 0000000000000010 T _wcsrtombs_r
0000000000026b20 000000000000012c T __swsetup_r
0000000000026c60 00000000000000f4 T _findenv_r
0000000000026d60 0000000000000008 T __localeconv_l
0000000000026d80 0000000000000028 T _localeconv_r
0000000000026dc0 0000000000000188 T __ssputs_r
0000000000026f60 00000000000000e0 T __utf8_wctomb
0000000000027040 0000000000000188 T _wcsnrtombs_l
00000000000271e0 0000000000000054 T _wcsnrtombs_r
0000000000027240 000000000000000c T __env_lock
0000000000027260 000000000000000c T __env_unlock
0000000000027280 0000000000000064 T __assert_func
0000000000027300 00000000000000a4 T _Balloc
00000000000273c0 0000000000000020 T _Bfree
00000000000273e0 0000000000000118 T __multadd
0000000000027500 0000000000000094 T __hi0bits
00000000000275a0 0000000000000100 T __lo0bits
00000000000276a0 000000000000004c T __i2b
0000000000027700 0000000000000210 T __multiply
0000000000027920 0000000000000104 T __pow5mult
0000000000027a40 0000000000000174 T __lshift
0000000000027bc0 0000000000000050 T __mcmp
0000000000027c20 00000000000001c4 T __mdiff
0000000000027e00 000000000000014c T __d2b
0000000000027f60 00000000000002dc T __utf8_mbtowc
0000000000028240 0000000000000080 T fiprintf
00000000000282c0 0000000000000018 T abort
00000000000282d8 0000000000000790 t get_arg
0000000000028a68 0000000000002964 T _vfiprintf_r
000000000002b3cc 00000000000000cc t __sbprintf
000000000002b4a0 000000000000009c T _raise_r
000000000002b540 000000000000001c T raise
000000000002b560 0000000000000020 T _exit
000000000002b580 000000000000016c T chdir
000000000002b700 0000000000000218 T _concatenate_path
000000000002b920 000000000000008c t __dirnext
000000000002b9c0 0000000000000110 T opendir
000000000002bae0 00000000000000ac T closedir
000000000002bba0 0000000000000104 T readdir_r
000000000002bcc0 0000000000000040 T readdir
000000000002bd00 000000000000009c T _fstat_r
000000000002bda0 0000000000000010 T _getpid_r
000000000002bdc0 0000000000000020 T __getreent
000000000002bde0 0000000000000024 T _gettimeofday_r
000000000002be20 00000000000000a0 T __release_handle
000000000002bec0 0000000000000130 T __alloc_handle
000000000002c000 0000000000000060 T __get_handle
000000000002c060 00000000000000f4 T _close_r
000000000002c160 0000000000000008 t null_write
000000000002c180 0000000000000018 T setDefaultDevice
000000000002c1a0 00000000000000b8 T FindDevice
000000000002c260 000000000000002c T RemoveDevice
000000000002c2a0 00000000000000a4 T AddDevice
000000000002c360 0000000000000034 T GetDeviceOpTab
000000000002c3a0 0000000000000008 T _isatty_r
000000000002c3c0 0000000000000010 T _kill_r
000000000002c3e0 00000000000000a0 T _lseek_r
000000000002c480 0000000000000088 T mkdir
000000000002c520 00000000000000f0 T _open_r
000000000002c620 00000000000000b0 T _read_r
000000000002c6e0 00000000000000a8 T _rename_r
000000000002c7a0 0000000000000084 T _rmdir_r
000000000002c840 0000000000000078 W _sbrk_r
000000000002c8c0 000000000000008c T _stat_r
000000000002c960 0000000000000014 T __libc_lock_acquire
000000000002c980 0000000000000014 T __libc_lock_release
000000000002c9a0 0000000000000014 T __libc_lock_acquire_recursive
000000000002c9c0 0000000000000014 T __libc_lock_release_recursive
000000000002c9e0 0000000000000080 T _unlink_r
000000000002ca60 00000000000000b0 T _write_r
000000000002cb20 0000000000000380 t __trunctfdf2
000000000002cea0 0000000000000070 t __sfp_handle_exceptions
000000000002cf10 T _init
000000000002cf48 T _fini
000000000002df10 0000000000000045 r title.4
000000000002df60 0000000000000025 r title.1
000000000002df90 0000000000000037 r note.0
000000000002dfc8 0000000000000014 r CSWTCH.1000
000000000002e160 0000000000000018 r grayScale
000000000002e178 0000000000000006 r colorCube
000000000002e180 0000000000000030 r colorTable
000000000002e1b0 R default_font_bin
00000000000301b0 R default_font_bin_end
00000000000301b0 0000000000000038 r g_nvColorFmtTable
00000000000301e8 0000000000000024 r s_emptyFence.0
0000000000030210 0000000000000020 r error_table
00000000000302d0 0000000000000023 r g_bq_InterfaceDescriptor
0000000000030430 0000000000000010 r zeroes.0
0000000000030440 0000000000000010 r blanks.1
0000000000030450 0000000000000101 R _ctype_
0000000000030650 0000000000000010 r zeroes.0
0000000000030660 0000000000000010 r blanks.1
0000000000030670 000000000000006c R __action_table
00000000000306e0 000000000000006c R __state_table
0000000000030750 0000000000000100 R __chclass
0000000000030868 000000000000000c r p05.0
0000000000030878 0000000000000028 R __mprec_bigtens
00000000000308a0 00000000000000c8 R __mprec_tens
0000000000030a60 0000000000000010 r zeroes.0
0000000000030a70 0000000000000010 r blanks.1
0000000000030a80 r __tls_align
0000000000030a88 r __EH_FRAME_BEGIN__
0000000000030a88 r __eh_frame_hdr_end
0000000000030a88 r __eh_frame_hdr_start
0000000000036b54 r __FRAME_END__
0000000000037000 d __frame_dummy_init_array_entry
0000000000037000 d __init_array_start
0000000000037000 d __preinit_array_end
0000000000037000 d __preinit_array_start
0000000000037000 d __relro_start
0000000000037008 d __do_global_dtors_aux_fini_array_entry
0000000000037008 d __fini_array_start
0000000000037008 d __init_array_end
0000000000037010 d __fini_array_end
0000000000037010 0000000000000038 d k_port_roles
0000000000037048 0000000000000018 d __compound_literal.0
0000000000037060 0000000000000070 d own.0
00000000000370d0 0000000000000100 d dotab_stdout
00000000000371d0 0000000000000100 d romFS_devoptab
00000000000372d0 0000000000000100 d fsdev_devoptab
00000000000373d0 0000000000000100 D dotab_stdnull
00000000000374d0 a _DYNAMIC
0000000000037620 a _GLOBAL_OFFSET_TABLE_
0000000000037620 d __got_start__
00000000000378b0 d __got_end__
0000000000038000 d __data_start
0000000000038000 0000000000000004 d last_pct.3
0000000000038008 0000000000000008 V __nx_applet_init_timeout
0000000000038010 0000000000000001 V __nx_applet_auto_notifyrunning
0000000000038014 0000000000000004 V __nx_applet_type
0000000000038018 0000000000000008 d currentConsole
0000000000038020 0000000000000050 d defaultConsole
0000000000038070 0000000000000088 d s_consoleSwRenderer
00000000000380f8 0000000000000004 V __nx_fs_num_sessions
0000000000038100 0000000000000008 V __nx_exception_stack_size
0000000000038108 0000000000000001 V __nx_fsdev_support_cwd
000000000003810c 0000000000000004 V __nx_fsdev_direntry_cache_size
0000000000038110 0000000000000004 V __nx_nv_transfermem_size
0000000000038114 0000000000000004 V __nx_nv_service_type
0000000000038118 0000000000000004 d g_viServiceType
000000000003811c 0000000000000004 V __nx_vi_stray_layer_flags
0000000000038120 0000000000000004 d g_ctrl_fd
0000000000038124 0000000000000004 d g_nvmap_fd
0000000000038128 0000000000000008 D _impure_ptr
0000000000038130 0000000000000240 D _impure_data
0000000000038370 0000000000000008 D __malloc_sbrk_base
0000000000038378 0000000000000008 D __malloc_trim_threshold
0000000000038380 0000000000000810 D __malloc_av_
0000000000038b90 0000000000000018 D __sglue
0000000000038ba8 0000000000000008 D environ
0000000000038bb0 0000000000000290 D __global_locale
0000000000038e40 0000000000000400 d _current_working_directory
0000000000039240 0000000000002000 d handles
000000000003b240 0000000000000010 d __stderr_handle
000000000003b250 0000000000000010 d __stdout_handle
000000000003b260 0000000000000010 d __stdin_handle
000000000003b270 0000000000000118 D devoptab_list
000000000003b388 0000000000000004 d defaultDevice
000000000003b390 b __bss_start__
000000000003b390 b completed.1
000000000003b390 d __tdata_lma
000000000003b390 d __tdata_lma_end
000000000003b398 b object.0
000000000003b3d0 0000000000000004 b g_bar_on
000000000003b3e0 0000000000000060 b last.2
000000000003b440 0000000000000038 b g_pad
000000000003b478 0000000000000538 b mig.3
000000000003b9b0 0000000000000320 b help.0
000000000003bcd0 0000000000000100 b status.1
000000000003bdd0 0000000000001020 b apks.2
000000000003cdf0 0000000000000008 b g_appletGuard
000000000003cdf8 0000000000000001 b g_appletInfoInitialized
000000000003ce00 0000000000000050 b g_appletInfo
000000000003ce50 0000000000000004 b g_appletCpuBoostMode
000000000003ce58 000000000000000c b g_appletLibraryAppletLaunchableEvent
000000000003ce64 0000000000000001 b g_appletSuspendedTickInitialized
000000000003ce68 0000000000000008 b g_appletSuspendedTick
000000000003ce70 0000000000000008 b g_appletInitTickBase
000000000003ce78 000000000000000c b g_appletSuspendedTickEvent
000000000003ce84 0000000000000001 b g_appletCopyrightInitialized
000000000003ce88 0000000000000028 b g_appletCopyrightTmem
000000000003ceb0 0000000000000004 b g_appletRecordingInitialized
000000000003ceb8 0000000000000028 b g_appletRecordingTmem
000000000003cee0 0000000000000018 b g_appletFirstHook
000000000003cef8 0000000000000001 b g_appletNotifiedRunning
000000000003cef9 0000000000000001 b g_appletFocusState
000000000003cefc 0000000000000004 b g_appletPerformanceMode
000000000003cf00 0000000000000001 b g_appletOperationMode
000000000003cf08 0000000000000008 b g_appletResourceUserId
000000000003cf10 000000000000000c b g_appletMessageEvent
000000000003cf20 0000000000000010 b g_appletIDebugFunctions
000000000003cf30 0000000000000010 b g_appletIDisplayController
000000000003cf40 0000000000000010 b g_appletIAudioController
000000000003cf50 0000000000000010 b g_appletIWindowController
000000000003cf60 0000000000000010 b g_appletISelfController
000000000003cf70 0000000000000010 b g_appletICommonStateGetter
000000000003cf80 0000000000000010 b g_appletILibraryAppletCreator
000000000003cf90 0000000000000010 b g_appletIProcessWindingController
000000000003cfa0 0000000000000010 b g_appletILibraryAppletSelfAccessor
000000000003cfb0 0000000000000010 b g_appletIApplicationCreator
000000000003cfc0 0000000000000010 b g_appletIGlobalStateController
000000000003cfd0 0000000000000010 b g_appletIFunctions
000000000003cfe0 0000000000000010 b g_appletIAppletCommonFunctions
000000000003cff0 0000000000000004 b g_appletExitProcessResult
000000000003cff4 0000000000000001 b g_appletExitProcessFlag
000000000003cff5 0000000000000001 b g_appletLeftInitialized
000000000003cff8 0000000000000010 b g_appletProxySession
000000000003d008 0000000000000010 b g_appletSrv
000000000003d018 0000000000000004 V __nx_applet_exit_mode
000000000003d020 0000000000000008 V __nx_applet_PerformanceConfiguration
000000000003d028 0000000000000080 V __nx_applet_AppletAttribute
000000000003d0a8 0000000000000008 b g_smGuard
000000000003d0b0 0000000000000008 b g_smOverridesNum
000000000003d0b8 0000000000000180 b g_smOverrides
000000000003d238 0000000000000010 b g_smSrv
000000000003d248 0000000000000008 b g_userIdStorage
000000000003d250 0000000000000010 b g_randomSeed
000000000003d260 0000000000000001 b g_hasRandomSeed
000000000003d264 0000000000000004 b g_lastLoadResult
000000000003d268 0000000000000008 b g_nextLoadArgv
000000000003d270 0000000000000008 b g_nextLoadPath
000000000003d278 0000000000000004 b g_processHandle
000000000003d280 0000000000000018 b g_syscallHints
000000000003d298 0000000000000008 b g_overrideArgv
000000000003d2a0 0000000000000008 b g_overrideHeapSize
000000000003d2a8 0000000000000008 b g_overrideHeapAddr
000000000003d2b0 0000000000000008 b g_loaderRetAddr
000000000003d2b8 0000000000000004 b g_mainThreadHandle
000000000003d2c0 0000000000000008 b g_loaderInfoSize
000000000003d2c8 0000000000000008 b g_loaderInfo
000000000003d2d0 0000000000000001 b g_isNso
000000000003d2d4 0000000000000004 b g_hosVersion
000000000003d2d8 0000000000000001 b didFirstConsoleInit.0
000000000003d2e0 0000000000000068 b escapeSeq
000000000003d348 0000000000000050 b currentCopy
000000000003d398 0000000000000008 V __romfs_path
000000000003d3a0 0000000000003b00 b romfs_mounts
0000000000040ea0 0000000000000001 b romfs_initialised
0000000000040ea8 B __stack_top
0000000000040eb0 0000000000000001 b g_IsLegacyKernel
0000000000040eb8 0000000000000008 b g_Reservations
0000000000040ec0 0000000000000010 b g_StackRegion
0000000000040ed0 0000000000000010 b g_AslrRegion
0000000000040ee0 0000000000000010 b g_HeapRegion
0000000000040ef0 0000000000000010 b g_AliasRegion
0000000000040f00 0000000000000004 b g_VirtmemMutex
0000000000040f08 0000000000000008 b g_apmGuard
0000000000040f10 0000000000000010 b g_apmISession
0000000000040f20 0000000000000010 b g_apmSrv
0000000000040f30 0000000000000008 b g_fsGuard
0000000000040f40 0000000000000054 b g_fsSessionMgr
0000000000040f98 0000000000000010 b g_fsSrv
0000000000040fa8 0000000000000008 b g_hidGuard
0000000000040fb0 0000000000000008 b g_sevenSixAxisSensorBuffer
0000000000040fb8 0000000000000020 b g_hidSharedmem
0000000000040fd8 0000000000000010 b g_hidIActiveVibrationDeviceList
0000000000040fe8 0000000000000010 b g_hidIAppletResource
0000000000040ff8 0000000000000010 b g_hidSrv
0000000000041008 0000000000000080 b g_defaultWin
0000000000041088 0000000000000010 b g_viLayer
0000000000041098 0000000000000050 b g_viDisplay
00000000000410e8 0000000000000008 b g_argv_empty
00000000000410f0 0000000000000008 B __system_argv
00000000000410f8 0000000000000004 B __system_argc
0000000000041100 0000000000000340 B __nx_exceptiondump
0000000000041440 0000000000000004 V __nx_exception_ignoredebug
0000000000041450 0000000000000400 V __nx_exception_stack
0000000000041850 0000000000000008 V __nx_heap_size
0000000000041858 0000000000000008 b __bootticks
0000000000041860 0000000000000008 b __boottime
0000000000041868 0000000000000004 V __nx_time_type
0000000000041870 0000000000000004 B __nxlink_host
0000000000041880 0000000000002800 b fsdev_fsdevices
0000000000044080 0000000000000004 b fsdev_fsdevice_cwd
0000000000044084 0000000000000001 b fsdev_initialised
0000000000044088 0000000000000004 b g_randMutex
000000000004408c 0000000000000001 b g_randInit
0000000000044090 0000000000000040 b g_chacha
00000000000440d0 0000000000000038 b g_mainThread
0000000000044108 0000000000000008 b g_threadList
0000000000044110 0000000000000004 b g_threadMutex
0000000000044118 0000000000000008 b g_nvGuard
0000000000044120 0000000000000028 b g_nvTransfermem
0000000000044148 0000000000000010 b g_nvSrvClone
0000000000044158 0000000000000010 b g_nvSrv
0000000000044168 0000000000000008 b g_setsysGuard
0000000000044170 0000000000000010 b g_setsysSrv
0000000000044180 0000000000000008 b g_timeGuard
0000000000044188 0000000000000020 b g_timeSharedmem
00000000000441a8 0000000000000010 b g_timeLocalSystemClock
00000000000441b8 0000000000000010 b g_timeTimeZoneService
00000000000441c8 0000000000000010 b g_timeSteadyClock
00000000000441d8 0000000000000010 b g_timeNetworkSystemClock
00000000000441e8 0000000000000010 b g_timeUserSystemClock
00000000000441f8 0000000000000010 b g_timeSrv
0000000000044208 0000000000000004 V __nx_time_service_type
0000000000044210 0000000000000008 b g_viGuard
0000000000044218 0000000000000010 b g_viIHOSBinderDriverIndirect
0000000000044228 0000000000000010 b g_viIManagerDisplayService
0000000000044238 0000000000000010 b g_viISystemDisplayService
0000000000044248 0000000000000010 b g_viIHOSBinderDriverRelay
0000000000044258 0000000000000010 b g_viIApplicationDisplayService
0000000000044268 0000000000000010 b g_viRootService
0000000000044278 0000000000000008 V __nx_vi_layer_id
0000000000044280 0000000000000008 b g_nvFenceGuard
0000000000044288 0000000000000300 b g_NvEvents
0000000000044588 0000000000000008 b g_NvEventUsedMask
0000000000044590 0000000000000008 b g_nvMapGuard
0000000000044598 0000000000000050 B __malloc_current_mallinfo
00000000000445e8 0000000000000008 B __malloc_max_total_mem
00000000000445f0 0000000000000008 B __malloc_max_sbrked_mem
00000000000445f8 0000000000000008 B __malloc_top_pad
0000000000044600 0000000000000008 b __sfp_recursive_mutex
0000000000044608 0000000000000228 B __sf
0000000000044830 0000000000000008 B __stdio_exit_handler
0000000000044838 0000000000000008 b __malloc_recursive_mutex
0000000000044840 0000000000000004 b alloced.0
0000000000044848 0000000000000008 b initial_env
0000000000044850 0000000000000008 b __env_recursive_mutex
0000000000044860 0000000000000400 b temp_cwd
0000000000044c60 0000000000000004 b __hndl_lock
0000000000044c68 0000000000000008 B fake_heap_start
0000000000044c70 0000000000000008 B fake_heap_end
0000000000044c78 0000000000000008 b heap_start.0
0000000000044c80 b __tls_start
0000000000045090 b __bss_end__
0000000000045090 b __end__
0000000000045090 b __tls_end
0000000000046000 b __argdata__
